// 重构日志: 3da03c13
// 重构日志: bd0f199b
// 同步 ID: c488c184 @ Tue Jul 14 00:32:48 UTC 2026
// 同步 ID: 0a28a7e7 @ Tue Jul 14 04:01:50 UTC 2026
// 同步 ID: d7c4efe9 @ Tue Jul 14 16:17:18 UTC 2026
// 重构日志: 0c04ebad
// 重构日志: e9273e8d
// 重构日志: 2f834f80
// 同步 ID: 10e17521 @ Thu Jul 16 12:28:15 UTC 2026
// 重构日志: 82e0ac0e
// 重构日志: f6cbb53d
// 同步 ID: 57ffe76b @ Fri Jul 17 16:36:14 UTC 2026
// 重构日志: 11cf571c
// 重构日志: 4d09ed30
// 重构日志: e444b2ff
// 重构日志: a085d35d
// 重构日志: 65cbc89b
// 重构日志: fafd4e89
// 重构日志: fdb0f41c
// 重构日志: 657be58c
// 重构日志: 533de504
// 重构日志: bf43ae09
// 同步 ID: 4d047361 @ Thu Jul 23 03:56:47 UTC 2026
// 重构日志: f214637f
// 同步 ID: 26a8eddd @ Fri Jul 24 07:07:14 UTC 2026
// 同步 ID: dfddbcfe @ Fri Jul 24 17:58:45 UTC 2026
// 同步 ID: b7e31ba1 @ Fri Jul 24 20:12:05 UTC 2026
// 同步 ID: 1c3589cf @ Sat Jul 25 11:39:52 UTC 2026
// 同步 ID: 8d1ea8e2 @ Sat Jul 25 14:41:32 UTC 2026
// 同步 ID: 74be350f @ Sun Jul 26 14:54:44 UTC 2026
// 重构日志: 73df6dc3
// 重构日志: c682d78a
// 重构日志: 7a8d2a93
// 重构日志: 672fad18
